../Core/Src/main.c:87:5:main	24	static
../Core/Src/main.c:171:6:SystemClock_Config	88	static
../Core/Src/main.c:217:13:MX_SPI1_Init	8	static
../Core/Src/main.c:255:13:MX_USART2_UART_Init	8	static
../Core/Src/main.c:288:13:MX_GPIO_Init	40	static
../Core/Src/main.c:314:6:UWriteData	16	static
../Core/Src/main.c:321:5:__io_putchar	16	static
../Core/Src/main.c:326:6:PHYStatusCheck	16	static
../Core/Src/main.c:346:6:PrintPHYConf	16	static
../Core/Src/main.c:395:6:Error_Handler	4	static,ignoring_inline_asm
